// Jest Snapshot v1, https://goo.gl/fbAQLP

exports[`Footer class should match the snapshot 1`] = `
<footer
  class="footer"
>
  <a
    class="footer__git"
    href="https://github.com/massaracsh7"
  >
    github
  </a>
  <div
    class="footer__year"
  >
    2023
  </div>
  <a
    class="footer__rss"
    href="https://rs.school/js/"
  >
    <img
      src="https://rs.school/images/rs_school_js.svg"
    />
  </a>
</footer>
`;
